23:39:13 [INFO] 翻譯快取載入完成，共 685 筆記錄。
23:39:13 [INFO] ── 檢查 CMD 更新 ──
23:39:13 [INFO] CMD 無變動，跳過。
23:39:13 [INFO] ── 檢查 PS1 更新 ──
23:39:13 [INFO] PS1 無變動，跳過。
23:39:13 [INFO] 所有來源均無更新。
23:40:00 [INFO] 翻譯快取載入完成，共 685 筆記錄。
23:40:00 [INFO] ── 檢查 CMD 更新 ──
23:40:01 [INFO] CMD 偵測到更新（或輸出檔不存在），開始處理...
23:40:01 [INFO] CMD 翻譯進度：1–30/985
23:40:01 [INFO] CMD 翻譯進度：31–60/985
23:40:01 [INFO] CMD 翻譯進度：61–90/985
23:40:01 [INFO] CMD 翻譯進度：91–120/985
23:40:01 [INFO] CMD 翻譯進度：121–150/985
23:40:01 [INFO] CMD 翻譯進度：151–180/985
23:40:01 [INFO] CMD 翻譯進度：181–210/985
23:40:01 [INFO] CMD 翻譯進度：211–240/985
23:40:01 [INFO] CMD 翻譯進度：241–270/985
23:40:01 [INFO] CMD 翻譯進度：271–300/985
23:40:01 [INFO] CMD 翻譯進度：301–330/985
23:40:01 [INFO] CMD 翻譯進度：331–360/985
23:40:01 [INFO] CMD 翻譯進度：361–390/985
23:40:01 [INFO] CMD 翻譯進度：391–420/985
23:40:01 [INFO] CMD 翻譯進度：421–450/985
23:40:01 [INFO] CMD 翻譯進度：451–480/985
23:40:01 [INFO] CMD 翻譯進度：481–510/985
23:40:01 [INFO] CMD 翻譯進度：511–540/985
23:40:01 [INFO] CMD 翻譯進度：541–570/985
23:40:01 [INFO] CMD 翻譯進度：571–600/985
23:40:01 [INFO] CMD 翻譯進度：601–630/985
23:40:01 [INFO] CMD 翻譯進度：631–660/985
23:40:01 [INFO] CMD 翻譯進度：661–690/985
23:40:01 [INFO] CMD 翻譯進度：691–720/985
23:40:01 [INFO] CMD 翻譯進度：721–750/985
23:40:01 [INFO] CMD 翻譯進度：751–780/985
23:40:01 [INFO] CMD 翻譯進度：781–810/985
23:40:01 [INFO] CMD 翻譯進度：811–840/985
23:40:01 [INFO] CMD 翻譯進度：841–870/985
23:40:01 [INFO] CMD 翻譯進度：871–900/985
23:40:01 [INFO] CMD 翻譯進度：901–930/985
23:40:01 [INFO] CMD 翻譯進度：931–960/985
23:40:01 [INFO] CMD 翻譯進度：961–985/985
23:40:01 [INFO] CMD 已寫入 → MAS_AIO_TW.cmd
23:40:01 [INFO] ── 檢查 PS1 更新 ──
23:40:01 [INFO] PS1 偵測到更新（或輸出檔不存在），開始處理...
23:40:01 [INFO] PS1 翻譯進度：1–20/20
23:40:01 [INFO] PS1 已寫入 → MAS_AIO_TW.ps1
23:40:01 [INFO] 翻譯快取已儲存，共 686 筆記錄。
23:40:01 [INFO] 全部處理完成。
05:13:59 [INFO] 翻譯快取載入完成，共 687 筆記錄。
05:13:59 [INFO] ── 檢查 CMD 更新 ──
05:14:00 [INFO] CMD 偵測到更新（或輸出檔不存在），開始處理...
05:14:00 [INFO] CMD 翻譯進度：1–30/966
05:14:00 [INFO] CMD 翻譯進度：31–60/966
05:14:00 [INFO] CMD 翻譯進度：61–90/966
05:14:00 [INFO] CMD 翻譯進度：91–120/966
05:14:00 [INFO] CMD 翻譯進度：121–150/966
05:14:00 [INFO] CMD 翻譯進度：151–180/966
05:14:00 [INFO] CMD 翻譯進度：181–210/966
05:14:00 [INFO] CMD 翻譯進度：211–240/966
05:14:00 [INFO] CMD 翻譯進度：241–270/966
05:14:00 [INFO] CMD 翻譯進度：271–300/966
05:14:00 [INFO] CMD 翻譯進度：301–330/966
05:14:00 [INFO] CMD 翻譯進度：331–360/966
05:14:00 [INFO] CMD 翻譯進度：361–390/966
05:14:00 [INFO] CMD 翻譯進度：391–420/966
05:14:00 [INFO] CMD 翻譯進度：421–450/966
05:14:00 [INFO] CMD 翻譯進度：451–480/966
05:14:00 [INFO] CMD 翻譯進度：481–510/966
05:14:00 [INFO] CMD 翻譯進度：511–540/966
05:14:00 [INFO] CMD 翻譯進度：541–570/966
05:14:00 [INFO] CMD 翻譯進度：571–600/966
05:14:00 [INFO] CMD 翻譯進度：601–630/966
05:14:00 [INFO] CMD 翻譯進度：631–660/966
05:14:00 [INFO] CMD 翻譯進度：661–690/966
05:14:00 [INFO] CMD 翻譯進度：691–720/966
05:14:00 [INFO] CMD 翻譯進度：721–750/966
05:14:00 [INFO] CMD 翻譯進度：751–780/966
05:14:00 [INFO] CMD 翻譯進度：781–810/966
05:14:00 [INFO] CMD 翻譯進度：811–840/966
05:14:00 [INFO] CMD 翻譯進度：841–870/966
05:14:00 [INFO] CMD 翻譯進度：871–900/966
05:14:00 [INFO] CMD 翻譯進度：901–930/966
05:14:00 [INFO] CMD 翻譯進度：931–960/966
05:14:00 [INFO] CMD 翻譯進度：961–966/966
05:14:00 [INFO] CMD 已寫入 → MAS_AIO_TW.cmd
05:14:00 [INFO] ── 檢查 PS1 更新 ──
05:14:00 [INFO] PS1 無變動，跳過。
05:14:00 [INFO] 翻譯快取已儲存，共 687 筆記錄。
05:14:00 [INFO] 全部處理完成。
05:33:35 [INFO] 翻譯快取載入完成，共 687 筆記錄。
05:33:35 [INFO] ── 檢查 CMD 更新 ──
05:33:35 [INFO] CMD 偵測到更新（或輸出檔不存在），開始處理...
05:33:35 [INFO] CMD 翻譯進度：1–30/966
05:33:35 [INFO] CMD 翻譯進度：31–60/966
05:33:35 [INFO] CMD 翻譯進度：61–90/966
05:33:35 [INFO] CMD 翻譯進度：91–120/966
05:33:35 [INFO] CMD 翻譯進度：121–150/966
05:33:35 [INFO] CMD 翻譯進度：151–180/966
05:33:35 [INFO] CMD 翻譯進度：181–210/966
05:33:35 [INFO] CMD 翻譯進度：211–240/966
05:33:35 [INFO] CMD 翻譯進度：241–270/966
05:33:35 [INFO] CMD 翻譯進度：271–300/966
05:33:35 [INFO] CMD 翻譯進度：301–330/966
05:33:35 [INFO] CMD 翻譯進度：331–360/966
05:33:35 [INFO] CMD 翻譯進度：361–390/966
05:33:35 [INFO] CMD 翻譯進度：391–420/966
05:33:35 [INFO] CMD 翻譯進度：421–450/966
05:33:35 [INFO] CMD 翻譯進度：451–480/966
05:33:35 [INFO] CMD 翻譯進度：481–510/966
05:33:35 [INFO] CMD 翻譯進度：511–540/966
05:33:35 [INFO] CMD 翻譯進度：541–570/966
05:33:35 [INFO] CMD 翻譯進度：571–600/966
05:33:35 [INFO] CMD 翻譯進度：601–630/966
05:33:35 [INFO] CMD 翻譯進度：631–660/966
05:33:35 [INFO] CMD 翻譯進度：661–690/966
05:33:35 [INFO] CMD 翻譯進度：691–720/966
05:33:35 [INFO] CMD 翻譯進度：721–750/966
05:33:35 [INFO] CMD 翻譯進度：751–780/966
05:33:35 [INFO] CMD 翻譯進度：781–810/966
05:33:35 [INFO] CMD 翻譯進度：811–840/966
05:33:35 [INFO] CMD 翻譯進度：841–870/966
05:33:35 [INFO] CMD 翻譯進度：871–900/966
05:33:35 [INFO] CMD 翻譯進度：901–930/966
05:33:35 [INFO] CMD 翻譯進度：931–960/966
05:33:35 [INFO] CMD 翻譯進度：961–966/966
05:33:35 [INFO] CMD 已寫入 → MAS_AIO_TW.cmd
05:33:35 [INFO] ── 檢查 PS1 更新 ──
05:33:36 [INFO] PS1 偵測到更新（或輸出檔不存在），開始處理...
05:33:36 [INFO] PS1 已寫入 → MAS_AIO_TW.ps1
05:33:36 [INFO] 翻譯快取已儲存，共 687 筆記錄。
05:33:36 [INFO] 全部處理完成。
04:55:10 [INFO] 翻譯快取載入完成，共 687 筆記錄。
04:55:10 [INFO] ── 檢查 CMD 更新 ──
04:55:10 [INFO] CMD 偵測到更新（或輸出檔不存在），開始處理...
04:55:10 [INFO] CMD 翻譯進度：1–30/966
04:55:10 [INFO] CMD 翻譯進度：31–60/966
04:55:10 [INFO] CMD 翻譯進度：61–90/966
04:55:10 [INFO] CMD 翻譯進度：91–120/966
04:55:10 [INFO] CMD 翻譯進度：121–150/966
04:55:10 [INFO] CMD 翻譯進度：151–180/966
04:55:10 [INFO] CMD 翻譯進度：181–210/966
04:55:10 [INFO] CMD 翻譯進度：211–240/966
04:55:10 [INFO] CMD 翻譯進度：241–270/966
04:55:10 [INFO] CMD 翻譯進度：271–300/966
04:55:10 [INFO] CMD 翻譯進度：301–330/966
04:55:10 [INFO] CMD 翻譯進度：331–360/966
04:55:10 [INFO] CMD 翻譯進度：361–390/966
04:55:10 [INFO] CMD 翻譯進度：391–420/966
04:55:10 [INFO] CMD 翻譯進度：421–450/966
04:55:10 [INFO] CMD 翻譯進度：451–480/966
04:55:10 [INFO] CMD 翻譯進度：481–510/966
04:55:10 [INFO] CMD 翻譯進度：511–540/966
04:55:10 [INFO] CMD 翻譯進度：541–570/966
04:55:10 [INFO] CMD 翻譯進度：571–600/966
04:55:10 [INFO] CMD 翻譯進度：601–630/966
04:55:10 [INFO] CMD 翻譯進度：631–660/966
04:55:10 [INFO] CMD 翻譯進度：661–690/966
04:55:10 [INFO] CMD 翻譯進度：691–720/966
04:55:10 [INFO] CMD 翻譯進度：721–750/966
04:55:10 [INFO] CMD 翻譯進度：751–780/966
04:55:10 [INFO] CMD 翻譯進度：781–810/966
04:55:10 [INFO] CMD 翻譯進度：811–840/966
04:55:10 [INFO] CMD 翻譯進度：841–870/966
04:55:10 [INFO] CMD 翻譯進度：871–900/966
04:55:10 [INFO] CMD 翻譯進度：901–930/966
04:55:10 [INFO] CMD 翻譯進度：931–960/966
04:55:10 [INFO] CMD 翻譯進度：961–966/966
04:55:10 [INFO] CMD 已寫入 → MAS_AIO_TW.cmd
04:55:10 [INFO] ── 檢查 PS1 更新 ──
04:55:10 [INFO] PS1 偵測到更新（或輸出檔不存在），開始處理...
04:55:10 [INFO] PS1 已寫入 → MAS_AIO_TW.ps1
04:55:10 [INFO] 翻譯快取已儲存，共 687 筆記錄。
04:55:10 [INFO] 全部處理完成。
06:07:58 [INFO] 翻譯快取載入完成，共 687 筆記錄。
06:07:58 [INFO] ── 檢查 CMD 更新 ──
06:07:59 [INFO] CMD 偵測到更新（或輸出檔不存在），開始處理...
06:07:59 [INFO] CMD 翻譯進度：1–30/969
06:07:59 [INFO] CMD 翻譯進度：31–60/969
06:07:59 [INFO] CMD 翻譯進度：61–90/969
06:07:59 [INFO] CMD 翻譯進度：91–120/969
06:07:59 [INFO] CMD 翻譯進度：121–150/969
06:07:59 [INFO] CMD 翻譯進度：151–180/969
06:07:59 [INFO] CMD 翻譯進度：181–210/969
06:07:59 [INFO] CMD 翻譯進度：211–240/969
06:07:59 [INFO] CMD 翻譯進度：241–270/969
06:07:59 [INFO] CMD 翻譯進度：271–300/969
06:07:59 [INFO] CMD 翻譯進度：301–330/969
06:08:00 [INFO] CMD 翻譯進度：331–360/969
06:08:00 [INFO] CMD 翻譯進度：361–390/969
06:08:03 [INFO] CMD 翻譯進度：391–420/969
06:08:03 [INFO] CMD 翻譯進度：421–450/969
06:08:03 [INFO] CMD 翻譯進度：451–480/969
06:08:03 [INFO] CMD 翻譯進度：481–510/969
06:08:03 [INFO] CMD 翻譯進度：511–540/969
06:08:03 [INFO] CMD 翻譯進度：541–570/969
06:08:03 [INFO] CMD 翻譯進度：571–600/969
06:08:03 [INFO] CMD 翻譯進度：601–630/969
06:08:03 [INFO] CMD 翻譯進度：631–660/969
06:08:03 [INFO] CMD 翻譯進度：661–690/969
06:08:03 [INFO] CMD 翻譯進度：691–720/969
06:08:03 [INFO] CMD 翻譯進度：721–750/969
06:08:03 [INFO] CMD 翻譯進度：751–780/969
06:08:03 [INFO] CMD 翻譯進度：781–810/969
06:08:03 [INFO] CMD 翻譯進度：811–840/969
06:08:03 [INFO] CMD 翻譯進度：841–870/969
06:08:03 [INFO] CMD 翻譯進度：871–900/969
06:08:04 [INFO] CMD 翻譯進度：901–930/969
06:08:04 [INFO] CMD 翻譯進度：931–960/969
06:08:04 [INFO] CMD 翻譯進度：961–969/969
06:08:04 [INFO] CMD 已寫入 → MAS_AIO_TW.cmd
06:08:04 [INFO] ── 檢查 PS1 更新 ──
06:08:05 [INFO] PS1 偵測到更新（或輸出檔不存在），開始處理...
06:08:05 [INFO] PS1 已寫入 → MAS_AIO_TW.ps1
06:08:05 [INFO] 翻譯快取已儲存，共 690 筆記錄。
06:08:05 [INFO] 全部處理完成。
